
> frontend@0.0.0 build
> tsc -b && vite build

[36mvite v8.0.11 [32mbuilding client environment for production...[36m[39m
[2K
transforming...Γ£ô 16 modules transformed.
npm : [31mΓ£ù[39m Build failed in 169ms
At line:1 char:1
+ npm run build > build_output.txt 2>&1 ; Get-Content build_output.txt
+ ~~~~~~~~~~~~~~~~~~~~~~~~~~~~~~~~~~~~~
    + CategoryInfo          : NotSpecified: ([31mΓ£ù[39m Build failed in 169ms:String) [], RemoteException
    + FullyQualifiedErrorId : NativeCommandError
 
[31merror during build:
[31mBuild failed with 1 error:

[31m[UNRESOLVED_IMPORT] Error:[0m Could not resolve './App.css' in src/App.tsx
   [38;5;246mΓò¡[0m[38;5;246mΓöÇ[0m[38;5;246m[[0m src/App.tsx:5:8 [38;5;246m][0m
   [38;5;246mΓöé[0m
 [38;5;246m5 Γöé[0m 
[38;5;249mi[0m[38;5;249mm[0m[38;5;249mp[0m[38;5;249mo[0m[38;5;249mr[0m[38;5;249mt[0m[38;5;249m 
[0m"./App.css"[38;5;249m;[0m
 [38;5;240m  Γöé[0m        ΓöÇΓöÇΓöÇΓöÇΓöÇΓö¼ΓöÇΓöÇΓöÇΓöÇΓöÇ  
 [38;5;240m  Γöé[0m             Γò░ΓöÇΓöÇΓöÇΓöÇΓöÇΓöÇΓöÇ Module not found.
 [38;5;240m  Γöé[0m 
 [38;5;240m  Γöé[0m [38;5;115mHelp[0m: 'src/App.tsx' is imported by the following path:
 [38;5;240m  Γöé[0m         - src/App.tsx
 [38;5;240m  Γöé[0m         - src/main.tsx
 [38;5;240m  Γöé[0m         - index.html
[38;5;246mΓöÇΓöÇΓöÇΓò»[0m
[31m
    at aggregateBindingErrorsIntoJsError (file:///C:/Users/rajat/OneDrive/Desktop/internship/gitguard-ai/gitguard-ai/fr
ontend/node_modules/rolldown/dist/shared/error-D4ASW9r2.mjs:48:18)
    at unwrapBindingResult (file:///C:/Users/rajat/OneDrive/Desktop/internship/gitguard-ai/gitguard-ai/frontend/node_mo
dules/rolldown/dist/shared/error-D4ASW9r2.mjs:18:128)
    at #build (file:///C:/Users/rajat/OneDrive/Desktop/internship/gitguard-ai/gitguard-ai/frontend/node_modules/rolldow
n/dist/shared/rolldown-build-CorVA9v1.mjs:3255:34)
    at async buildEnvironment (file:///C:/Users/rajat/OneDrive/Desktop/internship/gitguard-ai/gitguard-ai/frontend/node
_modules/vite/dist/node/chunks/node.js:33033:64)
    at async Object.build (file:///C:/Users/rajat/OneDrive/Desktop/internship/gitguard-ai/gitguard-ai/frontend/node_mod
ules/vite/dist/node/chunks/node.js:33455:19)
    at async Object.buildApp (file:///C:/Users/rajat/OneDrive/Desktop/internship/gitguard-ai/gitguard-ai/frontend/node_
modules/vite/dist/node/chunks/node.js:33452:153)
    at async CAC.<anonymous> (file:///C:/Users/rajat/OneDrive/Desktop/internship/gitguard-ai/gitguard-ai/frontend/node_
modules/vite/dist/node/cli.js:778:3) {
  errors: [Getter/Setter]
}[39m
